node.exe : $ vitest run
At C:\Users\Utilizador\AppData\Roaming\npm\pnpm.ps1:24 char:5
+     & "node$exe"  "$basedir/node_modules/pnpm/bin/pnpm.mjs" $args
+     ~~~~~~~~~~~~~~~~~~~~~~~~~~~~~~~~~~~~~~~~~~~~~~~~~~~~~~~~~~~~~
    + CategoryInfo          : NotSpecified: ($ vitest run:String) [], RemoteException
    + FullyQualifiedErrorId : NativeCommandError
 
[vite:react-swc] We recommend switching to `@vitejs/plugin-react` for improved performance as no swc plugins are used. More 
information at https://vite.dev/rolldown

[1m[30m[46m RUN [49m[39m[22m [36mv4.1.5 [39m[90mC:/Users/Utilizador/Documents/GitHub/realizeconsultadoria[39m

 [32mÔ£ô[39m src/lib/utils.test.ts [2m([22m[2m3 tests[22m[2m)[22m[32m 29[2mms[22m[39m
 [32mÔ£ô[39m src/modules/auth/services/__tests__/authService.test.ts [2m([22m[2m13 tests[22m[2m)[22m[32m 29[2mms[22m[39m
 [32mÔ£ô[39m src/modules/admin/services/__tests__/adminService.test.ts [2m([22m[2m10 tests[22m[2m)[22m[32m 29[2mms[22m[39m
[90mstderr[2m | src/hooks/__tests__/useCompanies.test.ts[2m > [22m[2museCompanies[2m > [22m[2mshould initialize with loading 
state
[22m[39mWarning: An update to TestComponent inside a test was not wrapped in act(...).

When testing, code that causes React state updates should be wrapped into act(...):

act(() => {
  /* fire events that update state */
});
/* assert on the output */

This ensures that you're testing the behavior the user would see in the browser. Learn more at 
https://reactjs.org/link/wrap-tests-with-act
    at TestComponent (C:\Users\Utilizador\Documents\GitHub\realizeconsultadoria\node_modules\.pnpm\@testing-library+react@16.3_8105afb
30b3aed617b9ca863f1e5e96d\node_modules\@testing-library\react\dist\pure.js:328:5)
Warning: An update to TestComponent inside a test was not wrapped in act(...).

When testing, code that causes React state updates should be wrapped into act(...):

act(() => {
  /* fire events that update state */
});
/* assert on the output */

This ensures that you're testing the behavior the user would see in the browser. Learn more at 
https://reactjs.org/link/wrap-tests-with-act
    at TestComponent (C:\Users\Utilizador\Documents\GitHub\realizeconsultadoria\node_modules\.pnpm\@testing-library+react@16.3_8105afb
30b3aed617b9ca863f1e5e96d\node_modules\@testing-library\react\dist\pure.js:328:5)

[90mstderr[2m | src/contexts/__tests__/AuthContext.test.tsx[2m > [22m[2mAuthContext[2m > [22m[2mshould provide AuthProvider 
wrapper
[22m[39mWarning: An update to AuthProvider inside a test was not wrapped in act(...).

When testing, code that causes React state updates should be wrapped into act(...):

act(() => {
  /* fire events that update state */
});
/* assert on the output */

This ensures that you're testing the behavior the user would see in the browser. Learn more at 
https://reactjs.org/link/wrap-tests-with-act
    at AuthProvider (C:/Users/Utilizador/Documents/GitHub/realizeconsultadoria/src/contexts/AuthContext.tsx:16:25)

[90mstderr[2m | src/contexts/__tests__/AuthContext.test.tsx[2m > [22m[2mAuthContext[2m > [22m[2mshould provide AuthProvider 
wrapper
[22m[39mWarning: An update to AuthProvider inside a test was not wrapped in act(...).

When testing, code that causes React state updates should be wrapped into act(...):

act(() => {
  /* fire events that update state */
});
/* assert on the output */

This ensures that you're testing the behavior the user would see in the browser. Learn more at 
https://reactjs.org/link/wrap-tests-with-act
    at AuthProvider (C:/Users/Utilizador/Documents/GitHub/realizeconsultadoria/src/contexts/AuthContext.tsx:16:25)
Warning: An update to AuthProvider inside a test was not wrapped in act(...).

When testing, code that causes React state updates should be wrapped into act(...):

act(() => {
  /* fire events that update state */
});
/* assert on the output */

This ensures that you're testing the behavior the user would see in the browser. Learn more at 
https://reactjs.org/link/wrap-tests-with-act
    at AuthProvider (C:/Users/Utilizador/Documents/GitHub/realizeconsultadoria/src/contexts/AuthContext.tsx:16:25)

 [32mÔ£ô[39m src/hooks/__tests__/useCompanies.test.ts [2m([22m[2m10 tests[22m[2m)[22m[33m 828[2mms[22m[39m
[90mstderr[2m | src/components/__tests__/ProtectedRoute.test.tsx[2m > [22m[2mProtectedRoute[2m > [22m[2mshould show loading 
state when checking authentication
[22m[39mÔÜá´©Å React Router Future Flag Warning: React Router will begin wrapping state updates in `React.startTransition` in v7. 
You can use the `v7_startTransition` future flag to opt-in early. For more information, see 
https://reactrouter.com/v6/upgrading/future#v7_starttransition.
ÔÜá´©Å React Router Future Flag Warning: Relative route resolution within Splat routes is changing in v7. You can use the 
`v7_relativeSplatPath` future flag to opt-in early. For more information, see 
https://reactrouter.com/v6/upgrading/future#v7_relativesplatpath.

 [32mÔ£ô[39m src/components/__tests__/ProtectedRoute.test.tsx [2m([22m[2m10 tests[22m[2m)[22m[32m 242[2mms[22m[39m
 [32mÔ£ô[39m src/lib/schemas.test.ts [2m([22m[2m3 tests[22m[2m)[22m[32m 10[2mms[22m[39m
[90mstderr[2m | src/hooks/__tests__/useAdminPermissions.test.ts[2m > [22m[2museAdminPermissions[2m > [22m[2mshould handle 
errors gracefully
[22m[39mError fetching permissions: Error: Session error
    at C:/Users/Utilizador/Documents/GitHub/realizeconsultadoria/src/hooks/__tests__/useAdminPermissions.test.ts:218:23
    at [90mfile:///C:/Users/Utilizador/Documents/GitHub/realizeconsultadoria/[39mnode_modules/[4m.pnpm[24m/@vitest+runner@4.1.5/no
de_modules/[4m@vitest/runner[24m/dist/chunk-artifact.js:302:11
    at [90mfile:///C:/Users/Utilizador/Documents/GitHub/realizeconsultadoria/[39mnode_modules/[4m.pnpm[24m/@vitest+runner@4.1.5/no
de_modules/[4m@vitest/runner[24m/dist/chunk-artifact.js:1903:26
    at [90mfile:///C:/Users/Utilizador/Documents/GitHub/realizeconsultadoria/[39mnode_modules/[4m.pnpm[24m/@vitest+runner@4.1.5/no
de_modules/[4m@vitest/runner[24m/dist/chunk-artifact.js:2326:20
    at new Promise (<anonymous>)
    at runWithCancel [90m(file:///C:/Users/Utilizador/Documents/GitHub/realizeconsultadoria/[39mnode_modules/[4m.pnpm[24m/@vitest+
runner@4.1.5/node_modules/[4m@vitest/runner[24m/dist/chunk-artifact.js:2323:10[90m)[39m
    at [90mfile:///C:/Users/Utilizador/Documents/GitHub/realizeconsultadoria/[39mnode_modules/[4m.pnpm[24m/@vitest+runner@4.1.5/no
de_modules/[4m@vitest/runner[24m/dist/chunk-artifact.js:2305:20
    at new Promise (<anonymous>)
    at runWithTimeout [90m(file:///C:/Users/Utilizador/Documents/GitHub/realizeconsultadoria/[39mnode_modules/[4m.pnpm[24m/@vitest
+runner@4.1.5/node_modules/[4m@vitest/runner[24m/dist/chunk-artifact.js:2272:10[90m)[39m
    at [90mfile:///C:/Users/Utilizador/Documents/GitHub/realizeconsultadoria/[39mnode_modules/[4m.pnpm[24m/@vitest+runner@4.1.5/no
de_modules/[4m@vitest/runner[24m/dist/chunk-artifact.js:2955:64

 [31mÔØ»[39m src/hooks/__tests__/useAdminPermissions.test.ts [2m([22m[2m10 tests[22m[2m | [22m[31m2 failed[39m[2m)[22m[33m 3718[2mms[22m[39m
     [32mÔ£ô[39m should initialize with loading state[32m 43[2mms[22m[39m
[31m     [31m├ù[31m should fetch admin permissions when session exists[39m[33m 3042[2mms[22m[39m
     [32mÔ£ô[39m should handle no session gracefully[32m 75[2mms[22m[39m
     [32mÔ£ô[39m should identify super admin users[32m 77[2mms[22m[39m
     [32mÔ£ô[39m should have canView method[32m 79[2mms[22m[39m
     [32mÔ£ô[39m should have canEdit method[32m 77[2mms[22m[39m
     [32mÔ£ô[39m should have canViewTopic method[32m 77[2mms[22m[39m
     [32mÔ£ô[39m should have canExecuteTopic method[32m 79[2mms[22m[39m
     [32mÔ£ô[39m should have refetch method[32m 80[2mms[22m[39m
[31m     [31m├ù[31m should handle errors gracefully[39m[32m 80[2mms[22m[39m
[90mstderr[2m | src/contexts/__tests__/AuthContext.test.tsx[2m > [22m[2mAuthContext[2m > [22m[2mshould handle session 
retrieval errors
[22m[39mError checking auth: Error: Session error
    at C:/Users/Utilizador/Documents/GitHub/realizeconsultadoria/src/contexts/__tests__/AuthContext.test.tsx:363:23
    at [90mfile:///C:/Users/Utilizador/Documents/GitHub/realizeconsultadoria/[39mnode_modules/[4m.pnpm[24m/@vitest+runner@4.1.5/no
de_modules/[4m@vitest/runner[24m/dist/chunk-artifact.js:302:11
    at [90mfile:///C:/Users/Utilizador/Documents/GitHub/realizeconsultadoria/[39mnode_modules/[4m.pnpm[24m/@vitest+runner@4.1.5/no
de_modules/[4m@vitest/runner[24m/dist/chunk-artifact.js:1903:26
    at [90mfile:///C:/Users/Utilizador/Documents/GitHub/realizeconsultadoria/[39mnode_modules/[4m.pnpm[24m/@vitest+runner@4.1.5/no
de_modules/[4m@vitest/runner[24m/dist/chunk-artifact.js:2326:20
    at new Promise (<anonymous>)
    at runWithCancel [90m(file:///C:/Users/Utilizador/Documents/GitHub/realizeconsultadoria/[39mnode_modules/[4m.pnpm[24m/@vitest+
runner@4.1.5/node_modules/[4m@vitest/runner[24m/dist/chunk-artifact.js:2323:10[90m)[39m
    at [90mfile:///C:/Users/Utilizador/Documents/GitHub/realizeconsultadoria/[39mnode_modules/[4m.pnpm[24m/@vitest+runner@4.1.5/no
de_modules/[4m@vitest/runner[24m/dist/chunk-artifact.js:2305:20
    at new Promise (<anonymous>)
    at runWithTimeout [90m(file:///C:/Users/Utilizador/Documents/GitHub/realizeconsultadoria/[39mnode_modules/[4m.pnpm[24m/@vitest
+runner@4.1.5/node_modules/[4m@vitest/runner[24m/dist/chunk-artifact.js:2272:10[90m)[39m
    at [90mfile:///C:/Users/Utilizador/Documents/GitHub/realizeconsultadoria/[39mnode_modules/[4m.pnpm[24m/@vitest+runner@4.1.5/no
de_modules/[4m@vitest/runner[24m/dist/chunk-artifact.js:2955:64

 [31mÔØ»[39m src/contexts/__tests__/AuthContext.test.tsx [2m([22m[2m11 tests[22m[2m | [22m[31m2 failed[39m[2m)[22m[33m 6449[2mms[22m[39m
     [32mÔ£ô[39m should provide AuthProvider wrapper[32m 145[2mms[22m[39m
     [32mÔ£ô[39m should initialize with no user[32m 44[2mms[22m[39m
[31m     [31m├ù[31m should load authenticated user on mount[39m[33m 3030[2mms[22m[39m
[31m     [31m├ù[31m should support login[39m[33m 3136[2mms[22m[39m
     [32mÔ£ô[39m should handle login error[32m 15[2mms[22m[39m
     [32mÔ£ô[39m should support logout[32m 21[2mms[22m[39m
     [32mÔ£ô[39m should fetch user role on login[32m 18[2mms[22m[39m
     [32mÔ£ô[39m should have checkAuth method[32m 11[2mms[22m[39m
     [32mÔ£ô[39m should have clearError method[32m 3[2mms[22m[39m
     [32mÔ£ô[39m should handle session retrieval errors[32m 13[2mms[22m[39m
     [32mÔ£ô[39m should provide correct interface[32m 5[2mms[22m[39m

[31mÔÄ»ÔÄ»ÔÄ»ÔÄ»ÔÄ»ÔÄ»ÔÄ»[39m[1m[41m Failed Tests 4 [49m[22m[31mÔÄ»ÔÄ»ÔÄ»ÔÄ»ÔÄ»ÔÄ»ÔÄ»[39m

[41m[1m FAIL [22m[49m src/contexts/__tests__/AuthContext.test.tsx[2m > [22mAuthContext[2m > [22mshould load authenticated 
user on mount
[31m[1mAssertionError[22m: expected 'N├úo autenticado' to be 'admin@example.com (admin)' // Object.is equality

Ignored nodes: comments, script, style
[36m<html>[31m
  [36m<head />[31m
  [36m<body>[31m
    [36m<div>[31m
      [36m<div>[31m
        [36m<div[31m
          [33mdata-testid[31m=[32m"user"[31m
        [36m>[31m
          [0mN├úo autenticado[0m
        [36m</div>[31m
        [36m<div[31m
          [33mdata-testid[31m=[32m"authenticated"[31m
        [36m>[31m
          [0mN├úo autenticado[0m
        [36m</div>[31m
      [36m</div>[31m
    [36m</div>[31m
  [36m</body>[31m
[36m</html>[31m[39m

Expected: [32m"admin@example.com (admin)"[39m
Received: [31m"N├úo autenticado"[39m

[36m [2mÔØ»[22m waitFor.timeout src/contexts/__tests__/AuthContext.test.tsx:[2m111:56[22m[39m
    [90m109|[39m     [35mawait[39m [34mwaitFor[39m(
    [90m110|[39m       () [33m=>[39m {
    [90m111|[39m         expect(screen.getByTestId('user').textContent).toBe('admin@exaÔÇª
    [90m   |[39m                                                        [31m^[39m
    [90m112|[39m         expect(screen.getByTestId('authenticated').textContent).toBe('ÔÇª
    [90m113|[39m       }[33m,[39m
[90m [2mÔØ»[22m runWithExpensiveErrorDiagnosticsDisabled 
node_modules/.pnpm/@testing-library+dom@10.4.1/node_modules/@testing-library/dom/dist/config.js:[2m47:12[22m[39m
[90m [2mÔØ»[22m checkCallback 
node_modules/.pnpm/@testing-library+dom@10.4.1/node_modules/@testing-library/dom/dist/wait-for.js:[2m124:77[22m[39m
[90m [2mÔØ»[22m Timeout.checkRealTimersCallback 
node_modules/.pnpm/@testing-library+dom@10.4.1/node_modules/@testing-library/dom/dist/wait-for.js:[2m118:16[22m[39m

[31m[2mÔÄ»ÔÄ»ÔÄ»ÔÄ»ÔÄ»ÔÄ»ÔÄ»ÔÄ»ÔÄ»ÔÄ»ÔÄ»ÔÄ»ÔÄ»ÔÄ»ÔÄ»ÔÄ»ÔÄ»ÔÄ»ÔÄ»ÔÄ»ÔÄ»ÔÄ»ÔÄ»ÔÄ»[1/4]ÔÄ»[22m[39m

[41m[1m FAIL [22m[49m src/contexts/__tests__/AuthContext.test.tsx[2m > [22mAuthContext[2m > [22mshould support login
[31m[1mAssertionError[22m: expected "vi.fn()" to be called with arguments: [ 'admin@example.com', 'password' ][90m

Number of calls: [1m0[22m
[31m

Ignored nodes: comments, script, style
[36m<html>[31m
  [36m<head />[31m
  [36m<body>[31m
    [36m<div>[31m
      [36m<button>[31m
        [0mLogin[0m
      [36m</button>[31m
      [36m<div>[31m
        [36m<div[31m
          [33mdata-testid[31m=[32m"user"[31m
        [36m>[31m
          [0mN├úo autenticado[0m
        [36m</div>[31m
        [36m<div[31m
          [33mdata-testid[31m=[32m"authenticated"[31m
        [36m>[31m
          [0mN├úo autenticado[0m
        [36m</div>[31m
      [36m</div>[31m
    [36m</div>[31m
  [36m</body>[31m
[36m</html>[31m[39m
[36m [2mÔØ»[22m waitFor.timeout src/contexts/__tests__/AuthContext.test.tsx:[2m168:35[22m[39m
    [90m166|[39m     [35mawait[39m [34mwaitFor[39m(
    [90m167|[39m       () [33m=>[39m {
    [90m168|[39m         expect(authService.login).toHaveBeenCalledWith('admin@example.ÔÇª
    [90m   |[39m                                   [31m^[39m
    [90m169|[39m       }[33m,[39m
    [90m170|[39m       { timeout[33m:[39m [34m3000[39m }
[90m [2mÔØ»[22m runWithExpensiveErrorDiagnosticsDisabled 
node_modules/.pnpm/@testing-library+dom@10.4.1/node_modules/@testing-library/dom/dist/config.js:[2m47:12[22m[39m
[90m [2mÔØ»[22m checkCallback 
node_modules/.pnpm/@testing-library+dom@10.4.1/node_modules/@testing-library/dom/dist/wait-for.js:[2m124:77[22m[39m
[90m [2mÔØ»[22m Timeout.checkRealTimersCallback 
node_modules/.pnpm/@testing-library+dom@10.4.1/node_modules/@testing-library/dom/dist/wait-for.js:[2m118:16[22m[39m

[31m[2mÔÄ»ÔÄ»ÔÄ»ÔÄ»ÔÄ»ÔÄ»ÔÄ»ÔÄ»ÔÄ»ÔÄ»ÔÄ»ÔÄ»ÔÄ»ÔÄ»ÔÄ»ÔÄ»ÔÄ»ÔÄ»ÔÄ»ÔÄ»ÔÄ»ÔÄ»ÔÄ»ÔÄ»[2/4]ÔÄ»[22m[39m

[41m[1m FAIL [22m[49m src/hooks/__tests__/useAdminPermissions.test.ts[2m > [22museAdminPermissions[2m > [22mshould fetch 
admin permissions when session exists
[31m[1mAssertionError[22m: expected true to be false // Object.is equality

Ignored nodes: comments, script, style
[36m<html>[31m
  [36m<head />[31m
  [36m<body>[31m
    [36m<div />[31m
  [36m</body>[31m
[36m</html>[31m[39m

[32m- Expected[39m
[31m+ Received[39m

[32m- false[39m
[31m+ true[39m

[36m [2mÔØ»[22m waitFor.timeout src/hooks/__tests__/useAdminPermissions.test.ts:[2m91:42[22m[39m
    [90m 89|[39m     [35mawait[39m [34mwaitFor[39m(
    [90m 90|[39m       () [33m=>[39m {
    [90m 91|[39m         
[34mexpect[39m(result[33m.[39mcurrent[33m.[39misLoading)[33m.[39m[34mtoBe[39m([35mfalse[39m)[33m;[39m
    [90m   |[39m                                          [31m^[39m
    [90m 92|[39m       }[33m,[39m
    [90m 93|[39m       { timeout[33m:[39m [34m3000[39m }
[90m [2mÔØ»[22m runWithExpensiveErrorDiagnosticsDisabled 
node_modules/.pnpm/@testing-library+dom@10.4.1/node_modules/@testing-library/dom/dist/config.js:[2m47:12[22m[39m
[90m [2mÔØ»[22m checkCallback 
node_modules/.pnpm/@testing-library+dom@10.4.1/node_modules/@testing-library/dom/dist/wait-for.js:[2m124:77[22m[39m
[90m [2mÔØ»[22m Timeout.checkRealTimersCallback 
node_modules/.pnpm/@testing-library+dom@10.4.1/node_modules/@testing-library/dom/dist/wait-for.js:[2m118:16[22m[39m

[31m[2mÔÄ»ÔÄ»ÔÄ»ÔÄ»ÔÄ»ÔÄ»ÔÄ»ÔÄ»ÔÄ»ÔÄ»ÔÄ»ÔÄ»ÔÄ»ÔÄ»ÔÄ»ÔÄ»ÔÄ»ÔÄ»ÔÄ»ÔÄ»ÔÄ»ÔÄ»ÔÄ»ÔÄ»[3/4]ÔÄ»[22m[39m

[41m[1m FAIL [22m[49m src/hooks/__tests__/useAdminPermissions.test.ts[2m > [22museAdminPermissions[2m > [22mshould handle 
errors gracefully
[31m[1mAssertionError[22m: expected [ { module_key: 'dashboard', ÔÇª(4) } ] to deeply equal [][39m

[32m- Expected[39m
[31m+ Received[39m

[32m- [][39m
[31m+ [[39m
[31m+   {[39m
[31m+     "can_edit": false,[39m
[31m+     "can_execute": false,[39m
[31m+     "can_view": true,[39m
[31m+     "module_key": "dashboard",[39m
[31m+     "topic_key": null,[39m
[31m+   },[39m
[31m+ ][39m

[36m [2mÔØ»[22m src/hooks/__tests__/useAdminPermissions.test.ts:[2m231:40[22m[39m
    [90m229|[39m     )[33m;[39m
    [90m230|[39m
    [90m231|[39m     [34mexpect[39m(result[33m.[39mcurrent[33m.[39mpermissions)[33m.[39m[34mtoEqual[39m([])[33m;[39m
    [90m   |[39m                                        [31m^[39m
    [90m232|[39m   })[33m;[39m
    [90m233|[39m })[33m;[39m

[31m[2mÔÄ»ÔÄ»ÔÄ»ÔÄ»ÔÄ»ÔÄ»ÔÄ»ÔÄ»ÔÄ»ÔÄ»ÔÄ»ÔÄ»ÔÄ»ÔÄ»ÔÄ»ÔÄ»ÔÄ»ÔÄ»ÔÄ»ÔÄ»ÔÄ»ÔÄ»ÔÄ»ÔÄ»[4/4]ÔÄ»[22m[39m


[2m Test Files [22m [1m[31m2 failed[39m[22m[2m | [22m[1m[32m6 passed[39m[22m[90m (8)[39m
[2m      Tests [22m [1m[31m4 failed[39m[22m[2m | [22m[1m[32m66 passed[39m[22m[90m (70)[39m
[2m   Start at [22m 16:21:39
[2m   Duration [22m 15.38s[2m (transform 1.36s, setup 4.79s, import 5.76s, tests 11.33s, environment 42.75s)[22m

[ELIFECYCLE] Test failed. See above for more details.
